HP@ILIEV MINGW64 ~
$ cd C:/Users/HP/Desktop/SI_2024_lab1_223153

HP@ILIEV MINGW64 ~/Desktop/SI_2024_lab1_223153 (bug1)
$ git init
Reinitialized existing Git repository in C:/Users/HP/Desktop/SI_2024_lab1_223153/.git/

HP@ILIEV MINGW64 ~/Desktop/SI_2024_lab1_223153 (bug1)
$ git remote add origin https://github.com/ilievvv/SI_2024_lab1_223153.git
error: remote origin already exists.

HP@ILIEV MINGW64 ~/Desktop/SI_2024_lab1_223153 (bug1)
$ git add README.md

HP@ILIEV MINGW64 ~/Desktop/SI_2024_lab1_223153 (bug1)
$ git commit -m "Initial commit"
On branch bug1
nothing to commit, working tree clean

HP@ILIEV MINGW64 ~/Desktop/SI_2024_lab1_223153 (bug1)
$ git add *.java

HP@ILIEV MINGW64 ~/Desktop/SI_2024_lab1_223153 (bug1)
$ git commit -m "Add starter code"
On branch bug1
nothing to commit, working tree clean

HP@ILIEV MINGW64 ~/Desktop/SI_2024_lab1_223153 (bug1)
$ git branch bug1
fatal: a branch named 'bug1' already exists

HP@ILIEV MINGW64 ~/Desktop/SI_2024_lab1_223153 (bug1)
$ git branch bug2
fatal: a branch named 'bug2' already exists

HP@ILIEV MINGW64 ~/Desktop/SI_2024_lab1_223153 (bug1)
$ git checkout bug1
Already on 'bug1'

HP@ILIEV MINGW64 ~/Desktop/SI_2024_lab1_223153 (bug1)
$ nano SILab1_1.java

HP@ILIEV MINGW64 ~/Desktop/SI_2024_lab1_223153 (bug1)
$ nano SILab1_1.java

HP@ILIEV MINGW64 ~/Desktop/SI_2024_lab1_223153 (bug1)
$ ^C

HP@ILIEV MINGW64 ~/Desktop/SI_2024_lab1_223153 (bug1)
$ git add SILab1_1.java
warning: in the working copy of 'SILab1_1.java', LF will be replaced by CRLF the next time Git touches it

HP@ILIEV MINGW64 ~/Desktop/SI_2024_lab1_223153 (bug1)
$ git commit -m "Fix wrong condition in filterOddLengthStrings"
[bug1 f23075e] Fix wrong condition in filterOddLengthStrings
 1 file changed, 2 insertions(+), 2 deletions(-)

HP@ILIEV MINGW64 ~/Desktop/SI_2024_lab1_223153 (bug1)
$ git checkout bug2
Switched to branch 'bug2'

HP@ILIEV MINGW64 ~/Desktop/SI_2024_lab1_223153 (bug2)
$ nano SILab1_2.java

HP@ILIEV MINGW64 ~/Desktop/SI_2024_lab1_223153 (bug2)
$ git add SILab1_2.java
warning: in the working copy of 'SILab1_2.java', LF will be replaced by CRLF the next time Git touches it

HP@ILIEV MINGW64 ~/Desktop/SI_2024_lab1_223153 (bug2)
$ git commit -m "Fix wrong condition in makeBigStringFrom"
[bug2 8a756a0] Fix wrong condition in makeBigStringFrom
 1 file changed, 2 insertions(+), 2 deletions(-)

HP@ILIEV MINGW64 ~/Desktop/SI_2024_lab1_223153 (bug2)
$ git checkout bug1
Switched to branch 'bug1'

HP@ILIEV MINGW64 ~/Desktop/SI_2024_lab1_223153 (bug1)
$ nano SILab1Main.java

HP@ILIEV MINGW64 ~/Desktop/SI_2024_lab1_223153 (bug1)
$ nano SILab1Main.java

HP@ILIEV MINGW64 ~/Desktop/SI_2024_lab1_223153 (bug1)
$ git add SILab1Main.java
warning: in the working copy of 'SILab1Main.java', LF will be replaced by CRLF the next time Git touches it

HP@ILIEV MINGW64 ~/Desktop/SI_2024_lab1_223153 (bug1)
$ git commit -m "Call method filterOddLengthStrings in main class"
[bug1 8c0c97c] Call method filterOddLengthStrings in main class
 1 file changed, 1 insertion(+)

HP@ILIEV MINGW64 ~/Desktop/SI_2024_lab1_223153 (bug1)
$ git checkout bug2
Switched to branch 'bug2'

HP@ILIEV MINGW64 ~/Desktop/SI_2024_lab1_223153 (bug2)
$ nano SILab1Main.java

HP@ILIEV MINGW64 ~/Desktop/SI_2024_lab1_223153 (bug2)
$ git add SILab1Main.java

HP@ILIEV MINGW64 ~/Desktop/SI_2024_lab1_223153 (bug2)
$ git commit -m "Call method makeBigStringFrom in main class"
[bug2 c66b520] Call method makeBigStringFrom in main class
 1 file changed, 1 insertion(+)

HP@ILIEV MINGW64 ~/Desktop/SI_2024_lab1_223153 (bug2)
$ git push -u origin master
Enumerating objects: 8, done.
Counting objects: 100% (8/8), done.
Delta compression using up to 16 threads
Compressing objects: 100% (6/6), done.
Writing objects: 100% (8/8), 1.11 KiB | 569.00 KiB/s, done.
Total 8 (delta 0), reused 0 (delta 0), pack-reused 0 (from 0)
To https://github.com/ilievvv/SI_2024_lab1_223153.git
 * [new branch]      master -> master
branch 'master' set up to track 'origin/master'.

HP@ILIEV MINGW64 ~/Desktop/SI_2024_lab1_223153 (bug2)
$ git push -u origin bug1
Enumerating objects: 9, done.
Counting objects: 100% (9/9), done.
Delta compression using up to 16 threads
Compressing objects: 100% (6/6), done.
Writing objects: 100% (6/6), 730 bytes | 730.00 KiB/s, done.
Total 6 (delta 3), reused 0 (delta 0), pack-reused 0 (from 0)
remote: Resolving deltas: 100% (3/3), completed with 2 local objects.
remote:
remote: Create a pull request for 'bug1' on GitHub by visiting:
remote:      https://github.com/ilievvv/SI_2024_lab1_223153/pull/new/bug1
remote:
To https://github.com/ilievvv/SI_2024_lab1_223153.git
 * [new branch]      bug1 -> bug1
branch 'bug1' set up to track 'origin/bug1'.

HP@ILIEV MINGW64 ~/Desktop/SI_2024_lab1_223153 (bug2)
$ git push -u origin bug2
Enumerating objects: 9, done.
Counting objects: 100% (9/9), done.
Delta compression using up to 16 threads
Compressing objects: 100% (6/6), done.
Writing objects: 100% (6/6), 672 bytes | 672.00 KiB/s, done.
Total 6 (delta 4), reused 0 (delta 0), pack-reused 0 (from 0)
remote: Resolving deltas: 100% (4/4), completed with 3 local objects.
remote:
remote: Create a pull request for 'bug2' on GitHub by visiting:
remote:      https://github.com/ilievvv/SI_2024_lab1_223153/pull/new/bug2
remote:
To https://github.com/ilievvv/SI_2024_lab1_223153.git
 * [new branch]      bug2 -> bug2
branch 'bug2' set up to track 'origin/bug2'.

HP@ILIEV MINGW64 ~/Desktop/SI_2024_lab1_223153 (bug2)
$ git checkout master
Switched to branch 'master'
Your branch is up to date with 'origin/master'.

HP@ILIEV MINGW64 ~/Desktop/SI_2024_lab1_223153 (master)
$ git merge bug1
Updating 1a85146..8c0c97c
Fast-forward
 SILab1Main.java | 1 +
 SILab1_1.java   | 4 ++--
 2 files changed, 3 insertions(+), 2 deletions(-)

HP@ILIEV MINGW64 ~/Desktop/SI_2024_lab1_223153 (master)
$ git push -u origin master
Total 0 (delta 0), reused 0 (delta 0), pack-reused 0 (from 0)
To https://github.com/ilievvv/SI_2024_lab1_223153.git
   1a85146..8c0c97c  master -> master
branch 'master' set up to track 'origin/master'.

HP@ILIEV MINGW64 ~/Desktop/SI_2024_lab1_223153 (master)
$ git push -u origin bug1
Everything up-to-date
branch 'bug1' set up to track 'origin/bug1'.

HP@ILIEV MINGW64 ~/Desktop/SI_2024_lab1_223153 (master)
$ git push -u origin bug2
Everything up-to-date
branch 'bug2' set up to track 'origin/bug2'.

HP@ILIEV MINGW64 ~/Desktop/SI_2024_lab1_223153 (master)
$ git checkout bug2
Switched to branch 'bug2'
Your branch is up to date with 'origin/bug2'.

HP@ILIEV MINGW64 ~/Desktop/SI_2024_lab1_223153 (bug2)
$ git rebase master
Auto-merging SILab1Main.java
CONFLICT (content): Merge conflict in SILab1Main.java
error: could not apply c66b520... Call method makeBigStringFrom in main class
hint: Resolve all conflicts manually, mark them as resolved with
hint: "git add/rm <conflicted_files>", then run "git rebase --continue".
hint: You can instead skip this commit: run "git rebase --skip".
hint: To abort and get back to the state before "git rebase", run "git rebase --abort".
Could not apply c66b520... Call method makeBigStringFrom in main class

HP@ILIEV MINGW64 ~/Desktop/SI_2024_lab1_223153 (bug2|REBASE 2/2)
$ nano SILab1Main.java

HP@ILIEV MINGW64 ~/Desktop/SI_2024_lab1_223153 (bug2|REBASE 2/2)
$ git add SILab1Main.java

HP@ILIEV MINGW64 ~/Desktop/SI_2024_lab1_223153 (bug2|REBASE 2/2)
$ git commit -m "Call method makeBigStringFrom in main class"
[detached HEAD 72b67c9] Call method makeBigStringFrom in main class
 1 file changed, 3 insertions(+)

HP@ILIEV MINGW64 ~/Desktop/SI_2024_lab1_223153 (bug2|REBASE 2/2)
$ git rebase --continue
Successfully rebased and updated refs/heads/bug2.

HP@ILIEV MINGW64 ~/Desktop/SI_2024_lab1_223153 (bug2)
$ git checkout master
Switched to branch 'master'
Your branch is up to date with 'origin/master'.

HP@ILIEV MINGW64 ~/Desktop/SI_2024_lab1_223153 (master)
$ git merge bug2
Updating 8c0c97c..72b67c9
Fast-forward
 SILab1Main.java | 3 +++
 SILab1_2.java   | 4 ++--
 2 files changed, 5 insertions(+), 2 deletions(-)

HP@ILIEV MINGW64 ~/Desktop/SI_2024_lab1_223153 (master)
$ git push origin master
Enumerating objects: 9, done.
Counting objects: 100% (9/9), done.
Delta compression using up to 16 threads
Compressing objects: 100% (6/6), done.
Writing objects: 100% (6/6), 723 bytes | 723.00 KiB/s, done.
Total 6 (delta 4), reused 0 (delta 0), pack-reused 0 (from 0)
remote: Resolving deltas: 100% (4/4), completed with 3 local objects.
To https://github.com/ilievvv/SI_2024_lab1_223153.git
   8c0c97c..72b67c9  master -> master

HP@ILIEV MINGW64 ~/Desktop/SI_2024_lab1_223153 (master)
$ git push origin bug1
Everything up-to-date

HP@ILIEV MINGW64 ~/Desktop/SI_2024_lab1_223153 (master)
$ git push --force origin bug2
Total 0 (delta 0), reused 0 (delta 0), pack-reused 0 (from 0)
To https://github.com/ilievvv/SI_2024_lab1_223153.git
 + c66b520...72b67c9 bug2 -> bug2 (forced update)

HP@ILIEV MINGW64 ~/Desktop/SI_2024_lab1_223153 (master)
$
